../Core/Src/usart.c:48:6:MX_UART4_Init	8	static
../Core/Src/usart.c:91:6:MX_UART5_Init	8	static
../Core/Src/usart.c:134:6:MX_UART7_Init	8	static
../Core/Src/usart.c:178:6:MX_USART1_UART_Init	8	static
../Core/Src/usart.c:222:6:MX_USART2_UART_Init	8	static
../Core/Src/usart.c:266:6:MX_USART3_UART_Init	8	static
../Core/Src/usart.c:310:6:MX_USART6_UART_Init	8	static
../Core/Src/usart.c:353:6:HAL_UART_MspInit	304	static
../Core/Src/usart.c:862:6:HAL_UART_MspDeInit	16	static
../Core/Src/usart.c:1037:5:uart2_printf	16	static
